InternalError(description: "Internal error. Please file a bug at https://github.com/swiftlang/swift-package-manager/issues with this info. Failed to parse target info (malformed(json: \"error: permissionDenied\", underlyingError: Error Domain=NSCocoaErrorDomain Code=3840 \"Invalid value around line 1, column 0.\" UserInfo={NSDebugDescription=Invalid value around line 1, column 0., NSJSONSerializationErrorIndex=0})).\nRaw compiler output: error: permissionDenied")
