Command line invocation:
    /Applications/Xcode.app/Contents/Developer/usr/bin/xcodebuild -scheme FinanceTracker -destination "platform=iOS Simulator,name=iPhone 16"

Resolve Package Graph


Resolved source packages:
  GoogleAdsOnDeviceConversion: https://github.com/googleads/google-ads-on-device-conversion-ios-sdk @ 3.2.0
  Firebase: https://github.com/firebase/firebase-ios-sdk @ 12.7.0
  InteropForGoogle: https://github.com/google/interop-ios-for-google-sdks.git @ 101.0.0
  leveldb: https://github.com/firebase/leveldb.git @ 1.22.5
  gRPC: https://github.com/google/grpc-binary.git @ 1.69.1
  Promises: https://github.com/google/promises.git @ 2.4.0
  GoogleUtilities: https://github.com/google/GoogleUtilities.git @ 8.1.0
  nanopb: https://github.com/firebase/nanopb.git @ 2.30910.0
  GoogleDataTransport: https://github.com/google/GoogleDataTransport.git @ 10.1.0
  SwiftProtobuf: https://github.com/apple/swift-protobuf.git @ 1.33.3
  GoogleAppMeasurement: https://github.com/google/GoogleAppMeasurement.git @ 12.5.0
  AppCheck: https://github.com/google/app-check.git @ 11.2.0
  abseil: https://github.com/google/abseil-cpp-binary.git @ 1.2024072200.0
  GTMSessionFetcher: https://github.com/google/gtm-session-fetcher.git @ 5.0.0

2026-01-22 19:17:11.219 xcodebuild[76662:5922084] Writing error result bundle to /var/folders/gz/_t1hsvqs69vgn60dtfrlvgq40000gn/T/ResultBundle_2026-22-01_19-17-0011.xcresult
xcodebuild: error: Unable to find a device matching the provided destination specifier:
		{ platform:iOS Simulator, OS:latest, name:iPhone 16 }

	The requested device could not be found because no available devices matched the request.

	Available destinations for the "FinanceTracker" scheme:
		{ platform:macOS, arch:arm64, variant:Designed for [iPad,iPhone], id:00008112-000E410C115A201E, name:My Mac }
		{ platform:iOS, arch:arm64, id:00008110-000565E011F3801E, name:Samsung Galaxy Note 1 }
		{ platform:iOS, id:dvtdevice-DVTiPhonePlaceholder-iphoneos:placeholder, name:Any iOS Device }
		{ platform:iOS Simulator, id:dvtdevice-DVTiOSDeviceSimulatorPlaceholder-iphonesimulator:placeholder, name:Any iOS Simulator Device }
		{ platform:iOS Simulator, arch:arm64, id:8C183D07-DD9F-4B26-9CBA-7FF61791FD8E, OS:26.2, name:iPad (A16) }
		{ platform:iOS Simulator, arch:arm64, id:3D4F738B-F5A4-4F6B-A41B-72ADAC1ED489, OS:26.2, name:iPad Air 11-inch (M3) }
		{ platform:iOS Simulator, arch:arm64, id:4EF19B24-6AE0-4D76-9046-73C31544ADCE, OS:26.2, name:iPad Air 13-inch (M3) }
		{ platform:iOS Simulator, arch:arm64, id:A6DDBC9D-F622-4CA0-B775-6868D3609EB1, OS:26.2, name:iPad Pro 11-inch (M5) }
		{ platform:iOS Simulator, arch:arm64, id:C02B6ED0-E222-4F4C-BEB7-A9F4BA0E9336, OS:26.2, name:iPad Pro 13-inch (M5) }
		{ platform:iOS Simulator, arch:arm64, id:8D903F3A-2058-4218-9EAD-E44E4F47A1E9, OS:26.2, name:iPad mini (A17 Pro) }
		{ platform:iOS Simulator, arch:arm64, id:A2ED4EB9-08D0-4C7F-946C-CAB5E5CFADEE, OS:26.2, name:iPhone 16e }
		{ platform:iOS Simulator, arch:arm64, id:D084A5E0-C278-4951-8630-7899456C9FEF, OS:26.2, name:iPhone 17 }
		{ platform:iOS Simulator, arch:arm64, id:6D7865F5-0436-4D09-A8A8-3E74C757E881, OS:26.2, name:iPhone 17 Pro }
		{ platform:iOS Simulator, arch:arm64, id:E9DFD5DD-22BB-4459-8888-F365622762D3, OS:26.2, name:iPhone 17 Pro Max }
		{ platform:iOS Simulator, arch:arm64, id:3C696054-37F0-4CAB-B972-1FCA3661EB6E, OS:26.2, name:iPhone Air }
